// Jest Snapshot v1, https://goo.gl/fbAQLP

exports[`should load map: snap 1`] = `
Array [
  <View
    dataSet={Object {}}
    style={
      Object {
        "height": "100%",
        "width": "100%",
      }
    }
  >
    <MapView
      region={
        Object {
          "latitude": -25.600251,
          "latitudeDelta": 0.015,
          "longitude": 32.237976,
          "longitudeDelta": 0.0121,
        }
      }
      style={
        Object {
          "bottom": 0,
          "left": 0,
          "position": "absolute",
          "right": 0,
          "top": 0,
        }
      }
    />
    <View
      dataSet={Object {}}
      style={
        Object {
          "left": 8,
          "position": "absolute",
          "right": 8,
          "top": 8,
        }
      }
    >
      <View
        dataSet={Object {}}
        style={
          Object {
            "alignItems": "center",
            "flexDirection": "row",
          }
        }
      >
        <View
          dataSet={Object {}}
          isFocused={false}
          style={
            Object {
              "alignItems": "center",
              "borderColor": "#d4d4d4",
              "borderRadius": 4,
              "borderWidth": 1,
              "flex": 1,
              "flexDirection": "row",
              "overflow": "hidden",
            }
          }
        >
          <Text />
          <View
            dataSet={Object {}}
            style={Object {}}
          />
          <TextInput
            accessible={true}
            dataSet={Object {}}
            editable={true}
            onBlur={[Function]}
            onChangeText={[Function]}
            onFocus={[Function]}
            onKeyPress={[Function]}
            placeholder="Nome do regadio"
            placeholderTextColor="#a3a3a3"
            secureTextEntry={false}
            selectionColor="#1f2937"
            style={
              Object {
                "backgroundColor": "transparent",
                "color": "#171717",
                "flex": 1,
                "fontFamily": undefined,
                "fontSize": 12,
                "fontStyle": "normal",
                "fontWeight": "400",
                "height": "100%",
                "paddingBottom": 8,
                "paddingLeft": 12,
                "paddingRight": 12,
                "paddingTop": 8,
                "width": "100%",
              }
            }
          />
        </View>
      </View>
    </View>
  </View>,
  <View
    collapsable={false}
    pointerEvents="box-none"
    style={
      Array [
        Object {
          "bottom": 0,
          "left": 0,
          "position": "absolute",
          "right": 0,
          "top": 0,
        },
        Object {
          "display": "flex",
          "overflow": "hidden",
        },
      ]
    }
  >
    <View
      collapsable={false}
      pointerEvents="none"
      style={
        Object {
          "bottom": 0,
          "left": 0,
          "opacity": 0,
          "position": "absolute",
          "right": 0,
          "top": 0,
          "transform": Array [
            Object {
              "translateY": 0,
            },
            Object {
              "translateX": 0,
            },
            Object {
              "scale": 1,
            },
            Object {
              "scaleX": 1,
            },
            Object {
              "scaleY": 1,
            },
            Object {
              "rotate": "0deg",
            },
          ],
        }
      }
    >
      <View
        accessible={false}
        collapsable={false}
        dataSet={Object {}}
        focusable={true}
        importantForAccessibility="no"
        onBlur={[Function]}
        onClick={[Function]}
        onFocus={[Function]}
        onHoverIn={[Function]}
        onHoverOut={[Function]}
        onResponderGrant={[Function]}
        onResponderMove={[Function]}
        onResponderRelease={[Function]}
        onResponderTerminate={[Function]}
        onResponderTerminationRequest={[Function]}
        onStartShouldSetResponder={[Function]}
        style={
          Object {
            "backgroundColor": "rgb(0, 0, 0)",
            "bottom": 0,
            "left": 0,
            "opacity": 0.3,
            "position": "absolute",
            "right": 0,
            "top": 0,
          }
        }
      />
    </View>
    <View
      collapsable={false}
      pointerEvents="none"
      style={
        Object {
          "bottom": 0,
          "height": "100%",
          "left": 0,
          "opacity": 1,
          "position": "absolute",
          "right": 0,
          "transform": Array [
            Object {
              "translateY": 0,
            },
            Object {
              "translateX": 0,
            },
            Object {
              "scale": 1,
            },
            Object {
              "scaleX": 1,
            },
            Object {
              "scaleY": 1,
            },
            Object {
              "rotate": "0deg",
            },
          ],
        }
      }
    >
      <View
        dataSet={Object {}}
        onLayout={[Function]}
        pointerEvents="box-none"
        style={
          Object {
            "height": "100%",
            "opacity": 0,
          }
        }
      >
        <View
          closeOnOverlayClick={true}
          dataSet={Object {}}
          pointerEvents="box-none"
          style={
            Object {
              "alignItems": "center",
              "height": "100%",
              "justifyContent": "flex-end",
              "width": "100%",
            }
          }
        >
          <View
            collapsable={false}
            onLayout={[Function]}
            pointerEvents="box-none"
            style={
              Object {
                "transform": Array [
                  Object {
                    "translateY": 0,
                  },
                ],
                "width": "100%",
              }
            }
          >
            <View
              collapsable={false}
              dataSet={Object {}}
              onMoveShouldSetResponder={[Function]}
              onMoveShouldSetResponderCapture={[Function]}
              onResponderEnd={[Function]}
              onResponderGrant={[Function]}
              onResponderMove={[Function]}
              onResponderReject={[Function]}
              onResponderRelease={[Function]}
              onResponderStart={[Function]}
              onResponderTerminate={[Function]}
              onResponderTerminationRequest={[Function]}
              onStartShouldSetResponder={[Function]}
              onStartShouldSetResponderCapture={[Function]}
              style={
                Object {
                  "paddingBottom": 8,
                  "paddingTop": 8,
                }
              }
            />
            <View
              accessibilityViewIsModal={true}
              aria-modal="true"
              dataSet={Object {}}
              onAccessibilityEscape={[Function]}
              style={
                Object {
                  "alignItems": "flex-start",
                  "backgroundColor": "#fafafa",
                  "borderRadius": 0,
                  "borderTopLeftRadius": 20,
                  "borderTopRightRadius": 20,
                  "elevation": 2,
                  "maxHeight": 1184,
                  "overflow": "hidden",
                  "paddingBottom": 8,
                  "paddingLeft": 64,
                  "paddingRight": 64,
                  "paddingTop": 8,
                  "shadowColor": "#000000",
                  "shadowOffset": Object {
                    "height": 1,
                    "width": 0,
                  },
                  "shadowOpacity": 0.2,
                  "shadowRadius": 1.41,
                  "width": "100%",
                }
              }
            >
              <View
                collapsable={false}
                dataSet={Object {}}
                onMoveShouldSetResponder={[Function]}
                onMoveShouldSetResponderCapture={[Function]}
                onResponderEnd={[Function]}
                onResponderGrant={[Function]}
                onResponderMove={[Function]}
                onResponderReject={[Function]}
                onResponderRelease={[Function]}
                onResponderStart={[Function]}
                onResponderTerminate={[Function]}
                onResponderTerminationRequest={[Function]}
                onStartShouldSetResponder={[Function]}
                onStartShouldSetResponderCapture={[Function]}
                style={
                  Object {
                    "alignItems": "center",
                    "marginTop": -8,
                    "paddingBottom": 12,
                    "paddingTop": 12,
                    "width": "100%",
                  }
                }
              >
                <View
                  dataSet={Object {}}
                  style={
                    Object {
                      "backgroundColor": "#737373",
                      "borderRadius": 2,
                      "height": 4,
                      "width": 40,
                    }
                  }
                />
              </View>
              <Text
                dataSet={Object {}}
                style={
                  Object {
                    "backgroundColor": undefined,
                    "color": "#171717",
                    "fontFamily": undefined,
                    "fontSize": null,
                    "fontStyle": "normal",
                    "fontWeight": "700",
                    "letterSpacing": 0,
                    "lineHeight": 30,
                    "textAlign": "left",
                    "textDecorationLine": undefined,
                  }
                }
              />
              <RCTScrollView
                contentContainerStyle={
                  Array [
                    Object {},
                    Object {
                      "dataSet": Object {},
                    },
                  ]
                }
                dataSet={Object {}}
                style={
                  Object {
                    "width": "100%",
                  }
                }
              >
                <View>
                  <Text
                    dataSet={Object {}}
                    style={
                      Object {
                        "backgroundColor": undefined,
                        "color": "#171717",
                        "fontFamily": undefined,
                        "fontSize": 14,
                        "fontStyle": "normal",
                        "fontWeight": "400",
                        "letterSpacing": 0,
                        "lineHeight": 21,
                        "marginTop": 16,
                        "textAlign": "left",
                        "textDecorationLine": undefined,
                      }
                    }
                  >
                    Endereço
                  </Text>
                  <Text
                    dataSet={Object {}}
                    style={
                      Object {
                        "backgroundColor": undefined,
                        "color": "#171717",
                        "fontFamily": undefined,
                        "fontSize": 20,
                        "fontStyle": "normal",
                        "fontWeight": "700",
                        "letterSpacing": 0,
                        "lineHeight": 25,
                        "marginTop": 8,
                        "textAlign": "left",
                        "textDecorationLine": undefined,
                      }
                    }
                  />
                  <Text
                    dataSet={Object {}}
                    style={
                      Object {
                        "backgroundColor": undefined,
                        "color": "#171717",
                        "fontFamily": undefined,
                        "fontSize": 14,
                        "fontStyle": "normal",
                        "fontWeight": "400",
                        "letterSpacing": 0,
                        "lineHeight": 21,
                        "marginTop": 16,
                        "textAlign": "left",
                        "textDecorationLine": undefined,
                      }
                    }
                  >
                    Área
                  </Text>
                  <Text
                    dataSet={Object {}}
                    style={
                      Object {
                        "backgroundColor": undefined,
                        "color": "#171717",
                        "fontFamily": undefined,
                        "fontSize": 20,
                        "fontStyle": "normal",
                        "fontWeight": "700",
                        "letterSpacing": 0,
                        "lineHeight": 25,
                        "marginTop": 8,
                        "textAlign": "left",
                        "textDecorationLine": undefined,
                      }
                    }
                  />
                  <Text
                    dataSet={Object {}}
                    style={
                      Object {
                        "backgroundColor": undefined,
                        "color": "#171717",
                        "fontFamily": undefined,
                        "fontSize": 14,
                        "fontStyle": "normal",
                        "fontWeight": "400",
                        "letterSpacing": 0,
                        "lineHeight": 21,
                        "marginTop": 16,
                        "textAlign": "left",
                        "textDecorationLine": undefined,
                      }
                    }
                  >
                    Beneficiários
                  </Text>
                  <Text
                    dataSet={Object {}}
                    style={
                      Object {
                        "backgroundColor": undefined,
                        "color": "#171717",
                        "fontFamily": undefined,
                        "fontSize": 20,
                        "fontStyle": "normal",
                        "fontWeight": "700",
                        "letterSpacing": 0,
                        "lineHeight": 25,
                        "marginTop": 8,
                        "textAlign": "left",
                        "textDecorationLine": undefined,
                      }
                    }
                  />
                  <Text
                    dataSet={Object {}}
                    style={
                      Object {
                        "backgroundColor": undefined,
                        "color": "#171717",
                        "fontFamily": undefined,
                        "fontSize": 14,
                        "fontStyle": "normal",
                        "fontWeight": "400",
                        "letterSpacing": 0,
                        "lineHeight": 21,
                        "marginTop": 16,
                        "textAlign": "left",
                        "textDecorationLine": undefined,
                      }
                    }
                  >
                    Data da última monitoria
                  </Text>
                  <Text
                    dataSet={Object {}}
                    style={
                      Object {
                        "backgroundColor": undefined,
                        "color": "#171717",
                        "fontFamily": undefined,
                        "fontSize": 20,
                        "fontStyle": "normal",
                        "fontWeight": "700",
                        "letterSpacing": 0,
                        "lineHeight": 25,
                        "marginTop": 8,
                        "textAlign": "left",
                        "textDecorationLine": undefined,
                      }
                    }
                  />
                  <Text
                    dataSet={Object {}}
                    style={
                      Object {
                        "backgroundColor": undefined,
                        "color": "#171717",
                        "fontFamily": undefined,
                        "fontSize": 14,
                        "fontStyle": "normal",
                        "fontWeight": "400",
                        "letterSpacing": 0,
                        "lineHeight": 21,
                        "marginTop": 16,
                        "textAlign": "left",
                        "textDecorationLine": undefined,
                      }
                    }
                  >
                    Execução física
                  </Text>
                  <Text
                    dataSet={Object {}}
                    style={
                      Object {
                        "backgroundColor": undefined,
                        "color": "#171717",
                        "fontFamily": undefined,
                        "fontSize": 20,
                        "fontStyle": "normal",
                        "fontWeight": "700",
                        "letterSpacing": 0,
                        "lineHeight": 25,
                        "marginTop": 8,
                        "textAlign": "left",
                        "textDecorationLine": undefined,
                      }
                    }
                  >
                     %
                  </Text>
                  <View
                    accessible={true}
                    collapsable={false}
                    dataSet={Object {}}
                    focusable={true}
                    onBlur={[Function]}
                    onClick={[Function]}
                    onFocus={[Function]}
                    onHoverIn={[Function]}
                    onHoverOut={[Function]}
                    onResponderGrant={[Function]}
                    onResponderMove={[Function]}
                    onResponderRelease={[Function]}
                    onResponderTerminate={[Function]}
                    onResponderTerminationRequest={[Function]}
                    onStartShouldSetResponder={[Function]}
                    style={
                      Object {
                        "backgroundColor": "#fafafa",
                        "justifyContent": "flex-start",
                        "paddingBottom": 16,
                        "paddingLeft": 16,
                        "paddingRight": 16,
                        "paddingTop": 16,
                        "width": "100%",
                      }
                    }
                  >
                    <View
                      dataSet={Object {}}
                      style={
                        Object {
                          "flexDirection": "row",
                        }
                      }
                      test={true}
                    >
                      <View
                        dataSet={Object {}}
                        style={Object {}}
                      >
                        <Text
                          dataSet={Object {}}
                          style={
                            Object {
                              "backgroundColor": undefined,
                              "color": "#171717",
                              "fontFamily": undefined,
                              "fontSize": 16,
                              "fontStyle": "normal",
                              "fontWeight": "400",
                              "letterSpacing": 0,
                              "lineHeight": 24,
                              "textDecorationLine": undefined,
                            }
                          }
                        >
                          Carregar fotos
                        </Text>
                      </View>
                    </View>
                  </View>
                  <View
                    accessible={true}
                    collapsable={false}
                    dataSet={Object {}}
                    focusable={true}
                    onBlur={[Function]}
                    onClick={[Function]}
                    onFocus={[Function]}
                    onHoverIn={[Function]}
                    onHoverOut={[Function]}
                    onResponderGrant={[Function]}
                    onResponderMove={[Function]}
                    onResponderRelease={[Function]}
                    onResponderTerminate={[Function]}
                    onResponderTerminationRequest={[Function]}
                    onStartShouldSetResponder={[Function]}
                    style={
                      Object {
                        "backgroundColor": "#fafafa",
                        "justifyContent": "flex-start",
                        "paddingBottom": 16,
                        "paddingLeft": 16,
                        "paddingRight": 16,
                        "paddingTop": 16,
                        "width": "100%",
                      }
                    }
                  >
                    <View
                      dataSet={Object {}}
                      style={
                        Object {
                          "flexDirection": "row",
                        }
                      }
                      test={true}
                    >
                      <View
                        dataSet={Object {}}
                        style={Object {}}
                      >
                        <Text
                          dataSet={Object {}}
                          style={
                            Object {
                              "backgroundColor": undefined,
                              "color": "#171717",
                              "fontFamily": undefined,
                              "fontSize": 16,
                              "fontStyle": "normal",
                              "fontWeight": "400",
                              "letterSpacing": 0,
                              "lineHeight": 24,
                              "textDecorationLine": undefined,
                            }
                          }
                        >
                          Reportar Progresso
                        </Text>
                      </View>
                    </View>
                  </View>
                  <View
                    accessible={true}
                    collapsable={false}
                    dataSet={Object {}}
                    focusable={true}
                    onBlur={[Function]}
                    onClick={[Function]}
                    onFocus={[Function]}
                    onHoverIn={[Function]}
                    onHoverOut={[Function]}
                    onResponderGrant={[Function]}
                    onResponderMove={[Function]}
                    onResponderRelease={[Function]}
                    onResponderTerminate={[Function]}
                    onResponderTerminationRequest={[Function]}
                    onStartShouldSetResponder={[Function]}
                    style={
                      Object {
                        "backgroundColor": "#fafafa",
                        "justifyContent": "flex-start",
                        "paddingBottom": 16,
                        "paddingLeft": 16,
                        "paddingRight": 16,
                        "paddingTop": 16,
                        "width": "100%",
                      }
                    }
                  >
                    <View
                      dataSet={Object {}}
                      style={
                        Object {
                          "flexDirection": "row",
                        }
                      }
                      test={true}
                    >
                      <View
                        dataSet={Object {}}
                        style={Object {}}
                      >
                        <Text
                          dataSet={Object {}}
                          style={
                            Object {
                              "backgroundColor": undefined,
                              "color": "#171717",
                              "fontFamily": undefined,
                              "fontSize": 16,
                              "fontStyle": "normal",
                              "fontWeight": "400",
                              "letterSpacing": 0,
                              "lineHeight": 24,
                              "textDecorationLine": undefined,
                            }
                          }
                        >
                          Localizar no mapa
                        </Text>
                      </View>
                    </View>
                  </View>
                  <View
                    accessible={true}
                    collapsable={false}
                    dataSet={Object {}}
                    focusable={true}
                    onBlur={[Function]}
                    onClick={[Function]}
                    onFocus={[Function]}
                    onHoverIn={[Function]}
                    onHoverOut={[Function]}
                    onResponderGrant={[Function]}
                    onResponderMove={[Function]}
                    onResponderRelease={[Function]}
                    onResponderTerminate={[Function]}
                    onResponderTerminationRequest={[Function]}
                    onStartShouldSetResponder={[Function]}
                    style={
                      Object {
                        "backgroundColor": "#fafafa",
                        "justifyContent": "flex-start",
                        "paddingBottom": 16,
                        "paddingLeft": 16,
                        "paddingRight": 16,
                        "paddingTop": 16,
                        "width": "100%",
                      }
                    }
                  >
                    <View
                      dataSet={Object {}}
                      style={
                        Object {
                          "flexDirection": "row",
                        }
                      }
                      test={true}
                    >
                      <View
                        dataSet={Object {}}
                        style={Object {}}
                      >
                        <Text
                          dataSet={Object {}}
                          style={
                            Object {
                              "backgroundColor": undefined,
                              "color": "#171717",
                              "fontFamily": undefined,
                              "fontSize": 16,
                              "fontStyle": "normal",
                              "fontWeight": "400",
                              "letterSpacing": 0,
                              "lineHeight": 24,
                              "textDecorationLine": undefined,
                            }
                          }
                        >
                          Mais Detalhes
                        </Text>
                      </View>
                    </View>
                  </View>
                </View>
              </RCTScrollView>
            </View>
          </View>
        </View>
      </View>
    </View>
  </View>,
]
`;
